▿ File
  - attributes: Optional<Array<Attribute>>.none
  ▿ nodes: 2 elements
    ▿ Node
      - children: Optional<Array<Node>>.none
      - codeLanguage: Optional<String>.none
      - createdAt: Optional<Double>.none
      - editedAt: Optional<Double>.none
      - mediaURL: Optional<URL>.none
      - name: "See [my alias]([[testsRefId]])"
      ▿ refs: Optional<Array<String>>
        ▿ some: 1 element
          - "testsRefId"
      - supertags: Optional<Array<String>>.none
      - todoState: Optional<TodoState>.none
      - type: NodeType.node
      - uid: Optional<String>.none
    ▿ Node
      - children: Optional<Array<Node>>.none
      - codeLanguage: Optional<String>.none
      - createdAt: Optional<Double>.none
      - editedAt: Optional<Double>.none
      - mediaURL: Optional<URL>.none
      - name: "tests"
      - refs: Optional<Array<String>>.none
      - supertags: Optional<Array<String>>.none
      - todoState: Optional<TodoState>.none
      - type: NodeType.node
      ▿ uid: Optional<String>
        - some: "testsRefId"
  - summary: Optional<Summary>.none
  - supertags: Optional<Array<Supertag>>.none
  - version: "TanaIntermediateFile V0.1"
