▿ File
  - attributes: Optional<Array<Attribute>>.none
  ▿ nodes: 2 elements
    ▿ Node
      - children: Optional<Array<Node>>.none
      - codeLanguage: Optional<String>.none
      - createdAt: Optional<Double>.none
      - editedAt: Optional<Double>.none
      - mediaURL: Optional<URL>.none
      - name: "See [[date:03-31-2022]]"
      - refs: Optional<Array<String>>.none
      - supertags: Optional<Array<String>>.none
      - todoState: Optional<TodoState>.none
      - type: NodeType.node
      - uid: Optional<String>.none
    ▿ Node
      - children: Optional<Array<Node>>.none
      - codeLanguage: Optional<String>.none
      - createdAt: Optional<Double>.none
      - editedAt: Optional<Double>.none
      - mediaURL: Optional<URL>.none
      - name: "02-09-2022"
      - refs: Optional<Array<String>>.none
      - supertags: Optional<Array<String>>.none
      - todoState: Optional<TodoState>.none
      - type: NodeType.date
      ▿ uid: Optional<String>
        - some: "02-09-2022"
  - summary: Optional<Summary>.none
  - supertags: Optional<Array<Supertag>>.none
  - version: "TanaIntermediateFile V0.1"
